------------------------------------------------------------
Timing Analyzer Summary
------------------------------------------------------------

Type  : Slow 1200mV 85C Model Setup 'CLK'
Slack : -3.265
TNS   : -78.636

Type  : Slow 1200mV 85C Model Setup 'RingBuffer:instance_ring_buffer|Ring_Buffer_Control:inst_ringBufferControl|CurrentState.IncrementPut'
Slack : -1.694
TNS   : -79.574

Type  : Slow 1200mV 85C Model Setup 'Key_decode:instance_key_decode|clock_divisor:clkdivider|tmp'
Slack : -1.624
TNS   : -2.160

Type  : Slow 1200mV 85C Model Hold 'RingBuffer:instance_ring_buffer|Ring_Buffer_Control:inst_ringBufferControl|CurrentState.IncrementPut'
Slack : -0.506
TNS   : -4.741

Type  : Slow 1200mV 85C Model Hold 'Key_decode:instance_key_decode|clock_divisor:clkdivider|tmp'
Slack : 0.324
TNS   : 0.000

Type  : Slow 1200mV 85C Model Hold 'CLK'
Slack : 0.330
TNS   : 0.000

Type  : Slow 1200mV 85C Model Minimum Pulse Width 'CLK'
Slack : -3.000
TNS   : -67.766

Type  : Slow 1200mV 85C Model Minimum Pulse Width 'Key_decode:instance_key_decode|clock_divisor:clkdivider|tmp'
Slack : -1.222
TNS   : -7.332

Type  : Slow 1200mV 85C Model Minimum Pulse Width 'Key_decode:instance_key_decode|KeyControl:keycontrols|CurrentState.State_Scan_Lines'
Slack : -1.222
TNS   : -2.444

Type  : Slow 1200mV 85C Model Minimum Pulse Width 'RingBuffer:instance_ring_buffer|Ring_Buffer_Control:inst_ringBufferControl|CurrentState.IncrementPut'
Slack : -0.601
TNS   : -66.817

Type  : Slow 1200mV 0C Model Setup 'CLK'
Slack : -2.892
TNS   : -66.650

Type  : Slow 1200mV 0C Model Setup 'RingBuffer:instance_ring_buffer|Ring_Buffer_Control:inst_ringBufferControl|CurrentState.IncrementPut'
Slack : -1.524
TNS   : -71.675

Type  : Slow 1200mV 0C Model Setup 'Key_decode:instance_key_decode|clock_divisor:clkdivider|tmp'
Slack : -1.357
TNS   : -1.592

Type  : Slow 1200mV 0C Model Hold 'RingBuffer:instance_ring_buffer|Ring_Buffer_Control:inst_ringBufferControl|CurrentState.IncrementPut'
Slack : -0.314
TNS   : -2.871

Type  : Slow 1200mV 0C Model Hold 'Key_decode:instance_key_decode|clock_divisor:clkdivider|tmp'
Slack : 0.294
TNS   : 0.000

Type  : Slow 1200mV 0C Model Hold 'CLK'
Slack : 0.299
TNS   : 0.000

Type  : Slow 1200mV 0C Model Minimum Pulse Width 'CLK'
Slack : -3.000
TNS   : -67.766

Type  : Slow 1200mV 0C Model Minimum Pulse Width 'Key_decode:instance_key_decode|clock_divisor:clkdivider|tmp'
Slack : -1.222
TNS   : -7.332

Type  : Slow 1200mV 0C Model Minimum Pulse Width 'Key_decode:instance_key_decode|KeyControl:keycontrols|CurrentState.State_Scan_Lines'
Slack : -1.222
TNS   : -2.444

Type  : Slow 1200mV 0C Model Minimum Pulse Width 'RingBuffer:instance_ring_buffer|Ring_Buffer_Control:inst_ringBufferControl|CurrentState.IncrementPut'
Slack : -0.405
TNS   : -43.550

Type  : Fast 1200mV 0C Model Setup 'CLK'
Slack : -1.106
TNS   : -14.888

Type  : Fast 1200mV 0C Model Setup 'Key_decode:instance_key_decode|clock_divisor:clkdivider|tmp'
Slack : -0.709
TNS   : -0.709

Type  : Fast 1200mV 0C Model Setup 'RingBuffer:instance_ring_buffer|Ring_Buffer_Control:inst_ringBufferControl|CurrentState.IncrementPut'
Slack : -0.693
TNS   : -25.561

Type  : Fast 1200mV 0C Model Hold 'RingBuffer:instance_ring_buffer|Ring_Buffer_Control:inst_ringBufferControl|CurrentState.IncrementPut'
Slack : -0.240
TNS   : -3.228

Type  : Fast 1200mV 0C Model Hold 'Key_decode:instance_key_decode|clock_divisor:clkdivider|tmp'
Slack : 0.130
TNS   : 0.000

Type  : Fast 1200mV 0C Model Hold 'CLK'
Slack : 0.152
TNS   : 0.000

Type  : Fast 1200mV 0C Model Minimum Pulse Width 'CLK'
Slack : -3.000
TNS   : -57.472

Type  : Fast 1200mV 0C Model Minimum Pulse Width 'Key_decode:instance_key_decode|clock_divisor:clkdivider|tmp'
Slack : -1.000
TNS   : -6.000

Type  : Fast 1200mV 0C Model Minimum Pulse Width 'Key_decode:instance_key_decode|KeyControl:keycontrols|CurrentState.State_Scan_Lines'
Slack : -1.000
TNS   : -2.000

Type  : Fast 1200mV 0C Model Minimum Pulse Width 'RingBuffer:instance_ring_buffer|Ring_Buffer_Control:inst_ringBufferControl|CurrentState.IncrementPut'
Slack : -0.229
TNS   : -9.902

------------------------------------------------------------
