------------------------------------------------------------
Timing Analyzer Summary
------------------------------------------------------------

Type  : Slow 1200mV 85C Model Setup 'SCLK'
Slack : -0.606
TNS   : -2.109

Type  : Slow 1200mV 85C Model Hold 'SCLK'
Slack : 0.325
TNS   : 0.000

Type  : Slow 1200mV 85C Model Recovery 'SCLK'
Slack : -0.276
TNS   : -0.276

Type  : Slow 1200mV 85C Model Removal 'SCLK'
Slack : 0.869
TNS   : 0.000

Type  : Slow 1200mV 85C Model Minimum Pulse Width 'SCLK'
Slack : -3.000
TNS   : -16.442

Type  : Slow 1200mV 0C Model Setup 'SCLK'
Slack : -0.464
TNS   : -1.378

Type  : Slow 1200mV 0C Model Hold 'SCLK'
Slack : 0.295
TNS   : 0.000

Type  : Slow 1200mV 0C Model Recovery 'SCLK'
Slack : -0.167
TNS   : -0.167

Type  : Slow 1200mV 0C Model Removal 'SCLK'
Slack : 0.801
TNS   : 0.000

Type  : Slow 1200mV 0C Model Minimum Pulse Width 'SCLK'
Slack : -3.000
TNS   : -16.442

Type  : Fast 1200mV 0C Model Setup 'SCLK'
Slack : 0.227
TNS   : 0.000

Type  : Fast 1200mV 0C Model Hold 'SCLK'
Slack : 0.149
TNS   : 0.000

Type  : Fast 1200mV 0C Model Recovery 'SCLK'
Slack : 0.375
TNS   : 0.000

Type  : Fast 1200mV 0C Model Removal 'SCLK'
Slack : 0.403
TNS   : 0.000

Type  : Fast 1200mV 0C Model Minimum Pulse Width 'SCLK'
Slack : -3.000
TNS   : -14.346

------------------------------------------------------------
