Analysis & Synthesis report for roulette
Sun May 04 23:25:09 2025
Quartus Prime Version 20.1.1 Build 720 11/11/2020 SJ Lite Edition


---------------------
; Table of Contents ;
---------------------
  1. Legal Notice
  2. Analysis & Synthesis Summary
  3. Analysis & Synthesis Settings
  4. Parallel Compilation
  5. Analysis & Synthesis Source Files Read
  6. Analysis & Synthesis Resource Usage Summary
  7. Analysis & Synthesis Resource Utilization by Entity
  8. State Machine - |serial_receiver|receiver_controler:Controller|CurrentState
  9. Registers Removed During Synthesis
 10. General Register Statistics
 11. Inverted Register Statistics
 12. Port Connectivity Checks: "parity_checker:ParityCheck|counter_3bits:CounterUp|register_3bits_counter:instance_registry_3bits|FFD:FFD3"
 13. Port Connectivity Checks: "parity_checker:ParityCheck|counter_3bits:CounterUp|register_3bits_counter:instance_registry_3bits|FFD:FFD2"
 14. Port Connectivity Checks: "parity_checker:ParityCheck|counter_3bits:CounterUp|register_3bits_counter:instance_registry_3bits|FFD:FFD1"
 15. Port Connectivity Checks: "parity_checker:ParityCheck|counter_3bits:CounterUp|register_3bits_counter:instance_registry_3bits"
 16. Port Connectivity Checks: "parity_checker:ParityCheck|counter_3bits:CounterUp|adder_3bits:instance_adder_3bits|full_adder:instance_full_adder_3"
 17. Port Connectivity Checks: "parity_checker:ParityCheck|counter_3bits:CounterUp|adder_3bits:instance_adder_3bits"
 18. Port Connectivity Checks: "parity_checker:ParityCheck|counter_3bits:CounterUp"
 19. Port Connectivity Checks: "ShiftRegisterSerialReceiver:ShiftReg|FFD:FFD4"
 20. Port Connectivity Checks: "ShiftRegisterSerialReceiver:ShiftReg|FFD:FFD3"
 21. Port Connectivity Checks: "ShiftRegisterSerialReceiver:ShiftReg|FFD:FFD2"
 22. Port Connectivity Checks: "ShiftRegisterSerialReceiver:ShiftReg|FFD:FFD1"
 23. Port Connectivity Checks: "ShiftRegisterSerialReceiver:ShiftReg|FFD:FFD0"
 24. Post-Synthesis Netlist Statistics for Top Partition
 25. Elapsed Time Per Partition
 26. Analysis & Synthesis Messages



----------------
; Legal Notice ;
----------------
Copyright (C) 2020  Intel Corporation. All rights reserved.
Your use of Intel Corporation's design tools, logic functions 
and other software and tools, and any partner logic 
functions, and any output files from any of the foregoing 
(including device programming or simulation files), and any 
associated documentation or information are expressly subject 
to the terms and conditions of the Intel Program License 
Subscription Agreement, the Intel Quartus Prime License Agreement,
the Intel FPGA IP License Agreement, or other applicable license
agreement, including, without limitation, that your use is for
the sole purpose of programming logic devices manufactured by
Intel and sold by Intel or its authorized distributors.  Please
refer to the applicable agreement for further details, at
https://fpgasoftware.intel.com/eula.



+----------------------------------------------------------------------------------+
; Analysis & Synthesis Summary                                                     ;
+------------------------------------+---------------------------------------------+
; Analysis & Synthesis Status        ; Successful - Sun May 04 23:25:09 2025       ;
; Quartus Prime Version              ; 20.1.1 Build 720 11/11/2020 SJ Lite Edition ;
; Revision Name                      ; roulette                                    ;
; Top-level Entity Name              ; serial_receiver                             ;
; Family                             ; MAX 10                                      ;
; Total logic elements               ; 16                                          ;
;     Total combinational functions  ; 16                                          ;
;     Dedicated logic registers      ; 10                                          ;
; Total registers                    ; 10                                          ;
; Total pins                         ; 12                                          ;
; Total virtual pins                 ; 0                                           ;
; Total memory bits                  ; 0                                           ;
; Embedded Multiplier 9-bit elements ; 0                                           ;
; Total PLLs                         ; 0                                           ;
; UFM blocks                         ; 0                                           ;
; ADC blocks                         ; 0                                           ;
+------------------------------------+---------------------------------------------+


+------------------------------------------------------------------------------------------------------------+
; Analysis & Synthesis Settings                                                                              ;
+------------------------------------------------------------------+--------------------+--------------------+
; Option                                                           ; Setting            ; Default Value      ;
+------------------------------------------------------------------+--------------------+--------------------+
; Device                                                           ; 10M50DAF484C6GES   ;                    ;
; Top-level entity name                                            ; serial_receiver    ; roulette           ;
; Family name                                                      ; MAX 10             ; Cyclone V          ;
; Use smart compilation                                            ; Off                ; Off                ;
; Enable parallel Assembler and Timing Analyzer during compilation ; On                 ; On                 ;
; Enable compact report table                                      ; Off                ; Off                ;
; Restructure Multiplexers                                         ; Auto               ; Auto               ;
; Create Debugging Nodes for IP Cores                              ; Off                ; Off                ;
; Preserve fewer node names                                        ; On                 ; On                 ;
; Intel FPGA IP Evaluation Mode                                    ; Enable             ; Enable             ;
; Verilog Version                                                  ; Verilog_2001       ; Verilog_2001       ;
; VHDL Version                                                     ; VHDL_1993          ; VHDL_1993          ;
; State Machine Processing                                         ; Auto               ; Auto               ;
; Safe State Machine                                               ; Off                ; Off                ;
; Extract Verilog State Machines                                   ; On                 ; On                 ;
; Extract VHDL State Machines                                      ; On                 ; On                 ;
; Ignore Verilog initial constructs                                ; Off                ; Off                ;
; Iteration limit for constant Verilog loops                       ; 5000               ; 5000               ;
; Iteration limit for non-constant Verilog loops                   ; 250                ; 250                ;
; Add Pass-Through Logic to Inferred RAMs                          ; On                 ; On                 ;
; Infer RAMs from Raw Logic                                        ; On                 ; On                 ;
; Parallel Synthesis                                               ; On                 ; On                 ;
; DSP Block Balancing                                              ; Auto               ; Auto               ;
; NOT Gate Push-Back                                               ; On                 ; On                 ;
; Power-Up Don't Care                                              ; On                 ; On                 ;
; Remove Redundant Logic Cells                                     ; Off                ; Off                ;
; Remove Duplicate Registers                                       ; On                 ; On                 ;
; Ignore CARRY Buffers                                             ; Off                ; Off                ;
; Ignore CASCADE Buffers                                           ; Off                ; Off                ;
; Ignore GLOBAL Buffers                                            ; Off                ; Off                ;
; Ignore ROW GLOBAL Buffers                                        ; Off                ; Off                ;
; Ignore LCELL Buffers                                             ; Off                ; Off                ;
; Ignore SOFT Buffers                                              ; On                 ; On                 ;
; Limit AHDL Integers to 32 Bits                                   ; Off                ; Off                ;
; Optimization Technique                                           ; Balanced           ; Balanced           ;
; Carry Chain Length                                               ; 70                 ; 70                 ;
; Auto Carry Chains                                                ; On                 ; On                 ;
; Auto Open-Drain Pins                                             ; On                 ; On                 ;
; Perform WYSIWYG Primitive Resynthesis                            ; Off                ; Off                ;
; Auto ROM Replacement                                             ; On                 ; On                 ;
; Auto RAM Replacement                                             ; On                 ; On                 ;
; Auto DSP Block Replacement                                       ; On                 ; On                 ;
; Auto Shift Register Replacement                                  ; Auto               ; Auto               ;
; Allow Shift Register Merging across Hierarchies                  ; Auto               ; Auto               ;
; Auto Clock Enable Replacement                                    ; On                 ; On                 ;
; Strict RAM Replacement                                           ; Off                ; Off                ;
; Allow Synchronous Control Signals                                ; On                 ; On                 ;
; Force Use of Synchronous Clear Signals                           ; Off                ; Off                ;
; Auto RAM Block Balancing                                         ; On                 ; On                 ;
; Auto RAM to Logic Cell Conversion                                ; Off                ; Off                ;
; Auto Resource Sharing                                            ; Off                ; Off                ;
; Allow Any RAM Size For Recognition                               ; Off                ; Off                ;
; Allow Any ROM Size For Recognition                               ; Off                ; Off                ;
; Allow Any Shift Register Size For Recognition                    ; Off                ; Off                ;
; Use LogicLock Constraints during Resource Balancing              ; On                 ; On                 ;
; Ignore translate_off and synthesis_off directives                ; Off                ; Off                ;
; Timing-Driven Synthesis                                          ; On                 ; On                 ;
; Report Parameter Settings                                        ; On                 ; On                 ;
; Report Source Assignments                                        ; On                 ; On                 ;
; Report Connectivity Checks                                       ; On                 ; On                 ;
; Ignore Maximum Fan-Out Assignments                               ; Off                ; Off                ;
; Synchronization Register Chain Length                            ; 2                  ; 2                  ;
; Power Optimization During Synthesis                              ; Normal compilation ; Normal compilation ;
; HDL message level                                                ; Level2             ; Level2             ;
; Suppress Register Optimization Related Messages                  ; Off                ; Off                ;
; Number of Removed Registers Reported in Synthesis Report         ; 5000               ; 5000               ;
; Number of Swept Nodes Reported in Synthesis Report               ; 5000               ; 5000               ;
; Number of Inverted Registers Reported in Synthesis Report        ; 100                ; 100                ;
; Clock MUX Protection                                             ; On                 ; On                 ;
; Auto Gated Clock Conversion                                      ; Off                ; Off                ;
; Block Design Naming                                              ; Auto               ; Auto               ;
; SDC constraint protection                                        ; Off                ; Off                ;
; Synthesis Effort                                                 ; Auto               ; Auto               ;
; Shift Register Replacement - Allow Asynchronous Clear Signal     ; On                 ; On                 ;
; Pre-Mapping Resynthesis Optimization                             ; Off                ; Off                ;
; Analysis & Synthesis Message Level                               ; Medium             ; Medium             ;
; Disable Register Merging Across Hierarchies                      ; Auto               ; Auto               ;
; Resource Aware Inference For Block RAM                           ; On                 ; On                 ;
+------------------------------------------------------------------+--------------------+--------------------+


+------------------------------------------+
; Parallel Compilation                     ;
+----------------------------+-------------+
; Processors                 ; Number      ;
+----------------------------+-------------+
; Number detected on machine ; 32          ;
; Maximum allowed            ; 16          ;
;                            ;             ;
; Average used               ; 1.00        ;
; Maximum used               ; 16          ;
;                            ;             ;
; Usage by Processor         ; % Time Used ;
;     Processor 1            ; 100.0%      ;
;     Processors 2-16        ;   0.0%      ;
+----------------------------+-------------+


+------------------------------------------------------------------------------------------------------------------------------------------------------------------------------------------------------------------------------------+
; Analysis & Synthesis Source Files Read                                                                                                                                                                                             ;
+--------------------------------------------------------------------+-----------------+-----------------+-----------------------------------------------------------------------------------------------------------------+---------+
; File Name with User-Entered Path                                   ; Used in Netlist ; File Type       ; File Name with Absolute Path                                                                                    ; Library ;
+--------------------------------------------------------------------+-----------------+-----------------+-----------------------------------------------------------------------------------------------------------------+---------+
; .hardware/SLCDC/serial_receiver/parity_checker.vhd                 ; yes             ; User VHDL File  ; C:/Isel/2Semestre/LIC/SEM2.LIC.PROJ.ROULETTE/.hardware/SLCDC/serial_receiver/parity_checker.vhd                 ;         ;
; .hardware/SLCDC/serial_receiver/counter/registry_3bits_counter.vhd ; yes             ; User VHDL File  ; C:/Isel/2Semestre/LIC/SEM2.LIC.PROJ.ROULETTE/.hardware/SLCDC/serial_receiver/counter/registry_3bits_counter.vhd ;         ;
; .hardware/SLCDC/serial_receiver/counter/half_adder.vhd             ; yes             ; User VHDL File  ; C:/Isel/2Semestre/LIC/SEM2.LIC.PROJ.ROULETTE/.hardware/SLCDC/serial_receiver/counter/half_adder.vhd             ;         ;
; .hardware/SLCDC/serial_receiver/counter/full_adder.vhd             ; yes             ; User VHDL File  ; C:/Isel/2Semestre/LIC/SEM2.LIC.PROJ.ROULETTE/.hardware/SLCDC/serial_receiver/counter/full_adder.vhd             ;         ;
; .hardware/SLCDC/serial_receiver/counter/FFD.vhd                    ; yes             ; User VHDL File  ; C:/Isel/2Semestre/LIC/SEM2.LIC.PROJ.ROULETTE/.hardware/SLCDC/serial_receiver/counter/FFD.vhd                    ;         ;
; .hardware/SLCDC/serial_receiver/counter/counter_3bits.vhd          ; yes             ; User VHDL File  ; C:/Isel/2Semestre/LIC/SEM2.LIC.PROJ.ROULETTE/.hardware/SLCDC/serial_receiver/counter/counter_3bits.vhd          ;         ;
; .hardware/SLCDC/serial_receiver/counter/adder_3bits.vhd            ; yes             ; User VHDL File  ; C:/Isel/2Semestre/LIC/SEM2.LIC.PROJ.ROULETTE/.hardware/SLCDC/serial_receiver/counter/adder_3bits.vhd            ;         ;
; .hardware/SLCDC/serial_receiver/ShiftRegisterSerialReceiver.vhd    ; yes             ; User VHDL File  ; C:/Isel/2Semestre/LIC/SEM2.LIC.PROJ.ROULETTE/.hardware/SLCDC/serial_receiver/ShiftRegisterSerialReceiver.vhd    ;         ;
; .hardware/SLCDC/serial_receiver/serial_receiver.vhd                ; yes             ; User VHDL File  ; C:/Isel/2Semestre/LIC/SEM2.LIC.PROJ.ROULETTE/.hardware/SLCDC/serial_receiver/serial_receiver.vhd                ;         ;
; .hardware/SLCDC/serial_receiver/receiver_controler.vhd             ; yes             ; User VHDL File  ; C:/Isel/2Semestre/LIC/SEM2.LIC.PROJ.ROULETTE/.hardware/SLCDC/serial_receiver/receiver_controler.vhd             ;         ;
+--------------------------------------------------------------------+-----------------+-----------------+-----------------------------------------------------------------------------------------------------------------+---------+


+-----------------------------------------------------------+
; Analysis & Synthesis Resource Usage Summary               ;
+---------------------------------------------+-------------+
; Resource                                    ; Usage       ;
+---------------------------------------------+-------------+
; Estimated Total logic elements              ; 16          ;
;                                             ;             ;
; Total combinational functions               ; 16          ;
; Logic element usage by number of LUT inputs ;             ;
;     -- 4 input functions                    ; 9           ;
;     -- 3 input functions                    ; 4           ;
;     -- <=2 input functions                  ; 3           ;
;                                             ;             ;
; Logic elements by mode                      ;             ;
;     -- normal mode                          ; 16          ;
;     -- arithmetic mode                      ; 0           ;
;                                             ;             ;
; Total registers                             ; 10          ;
;     -- Dedicated logic registers            ; 10          ;
;     -- I/O registers                        ; 0           ;
;                                             ;             ;
; I/O pins                                    ; 12          ;
;                                             ;             ;
; Embedded Multiplier 9-bit elements          ; 0           ;
;                                             ;             ;
; Maximum fan-out node                        ; Reset~input ;
; Maximum fan-out                             ; 8           ;
; Total fan-out                               ; 97          ;
; Average fan-out                             ; 1.94        ;
+---------------------------------------------+-------------+


+-------------------------------------------------------------------------------------------------------------------------------------------------------------------------------------------------------------------------------------------------------------------------------------------------------------------------------------------------------------------------------------------+
; Analysis & Synthesis Resource Utilization by Entity                                                                                                                                                                                                                                                                                                                                       ;
+-----------------------------------------------------------+---------------------+---------------------------+-------------+------------+--------------+---------+-----------+------+--------------+------------+-----------------------------------------------------------------------------------------------------------------------------+-----------------------------+--------------+
; Compilation Hierarchy Node                                ; Combinational ALUTs ; Dedicated Logic Registers ; Memory Bits ; UFM Blocks ; DSP Elements ; DSP 9x9 ; DSP 18x18 ; Pins ; Virtual Pins ; ADC blocks ; Full Hierarchy Name                                                                                                         ; Entity Name                 ; Library Name ;
+-----------------------------------------------------------+---------------------+---------------------------+-------------+------------+--------------+---------+-----------+------+--------------+------------+-----------------------------------------------------------------------------------------------------------------------------+-----------------------------+--------------+
; |serial_receiver                                          ; 16 (1)              ; 10 (0)                    ; 0           ; 0          ; 0            ; 0       ; 0         ; 12   ; 0            ; 0          ; |serial_receiver                                                                                                            ; serial_receiver             ; work         ;
;    |ShiftRegisterSerialReceiver:ShiftReg|                 ; 1 (0)               ; 1 (0)                     ; 0           ; 0          ; 0            ; 0       ; 0         ; 0    ; 0            ; 0          ; |serial_receiver|ShiftRegisterSerialReceiver:ShiftReg                                                                       ; ShiftRegisterSerialReceiver ; work         ;
;       |FFD:FFD0|                                          ; 1 (1)               ; 1 (1)                     ; 0           ; 0          ; 0            ; 0       ; 0         ; 0    ; 0            ; 0          ; |serial_receiver|ShiftRegisterSerialReceiver:ShiftReg|FFD:FFD0                                                              ; FFD                         ; work         ;
;    |counter_3bits:Counter3bit|                            ; 3 (0)               ; 3 (0)                     ; 0           ; 0          ; 0            ; 0       ; 0         ; 0    ; 0            ; 0          ; |serial_receiver|counter_3bits:Counter3bit                                                                                  ; counter_3bits               ; work         ;
;       |register_3bits_counter:instance_registry_3bits|    ; 3 (0)               ; 3 (0)                     ; 0           ; 0          ; 0            ; 0       ; 0         ; 0    ; 0            ; 0          ; |serial_receiver|counter_3bits:Counter3bit|register_3bits_counter:instance_registry_3bits                                   ; register_3bits_counter      ; work         ;
;          |FFD:FFD1|                                       ; 1 (1)               ; 1 (1)                     ; 0           ; 0          ; 0            ; 0       ; 0         ; 0    ; 0            ; 0          ; |serial_receiver|counter_3bits:Counter3bit|register_3bits_counter:instance_registry_3bits|FFD:FFD1                          ; FFD                         ; work         ;
;          |FFD:FFD2|                                       ; 1 (1)               ; 1 (1)                     ; 0           ; 0          ; 0            ; 0       ; 0         ; 0    ; 0            ; 0          ; |serial_receiver|counter_3bits:Counter3bit|register_3bits_counter:instance_registry_3bits|FFD:FFD2                          ; FFD                         ; work         ;
;          |FFD:FFD3|                                       ; 1 (1)               ; 1 (1)                     ; 0           ; 0          ; 0            ; 0       ; 0         ; 0    ; 0            ; 0          ; |serial_receiver|counter_3bits:Counter3bit|register_3bits_counter:instance_registry_3bits|FFD:FFD3                          ; FFD                         ; work         ;
;    |parity_checker:ParityCheck|                           ; 1 (0)               ; 1 (0)                     ; 0           ; 0          ; 0            ; 0       ; 0         ; 0    ; 0            ; 0          ; |serial_receiver|parity_checker:ParityCheck                                                                                 ; parity_checker              ; work         ;
;       |counter_3bits:CounterUp|                           ; 1 (0)               ; 1 (0)                     ; 0           ; 0          ; 0            ; 0       ; 0         ; 0    ; 0            ; 0          ; |serial_receiver|parity_checker:ParityCheck|counter_3bits:CounterUp                                                         ; counter_3bits               ; work         ;
;          |register_3bits_counter:instance_registry_3bits| ; 1 (0)               ; 1 (0)                     ; 0           ; 0          ; 0            ; 0       ; 0         ; 0    ; 0            ; 0          ; |serial_receiver|parity_checker:ParityCheck|counter_3bits:CounterUp|register_3bits_counter:instance_registry_3bits          ; register_3bits_counter      ; work         ;
;             |FFD:FFD1|                                    ; 1 (1)               ; 1 (1)                     ; 0           ; 0          ; 0            ; 0       ; 0         ; 0    ; 0            ; 0          ; |serial_receiver|parity_checker:ParityCheck|counter_3bits:CounterUp|register_3bits_counter:instance_registry_3bits|FFD:FFD1 ; FFD                         ; work         ;
;    |receiver_controler:Controller|                        ; 10 (10)             ; 5 (5)                     ; 0           ; 0          ; 0            ; 0       ; 0         ; 0    ; 0            ; 0          ; |serial_receiver|receiver_controler:Controller                                                                              ; receiver_controler          ; work         ;
+-----------------------------------------------------------+---------------------+---------------------------+-------------+------------+--------------+---------+-----------+------+--------------+------------+-----------------------------------------------------------------------------------------------------------------------------+-----------------------------+--------------+
Note: For table entries with two numbers listed, the numbers in parentheses indicate the number of resources of the given type used by the specific entity alone. The numbers listed outside of parentheses indicate the total resources of the given type used by the specific entity and all of its sub-entities in the hierarchy.


Encoding Type:  One-Hot
+-----------------------------------------------------------------------------------------------------------------------------------+
; State Machine - |serial_receiver|receiver_controler:Controller|CurrentState                                                       ;
+---------------------+---------------------+---------------------+---------------------+---------------------+---------------------+
; Name                ; CurrentState.State5 ; CurrentState.State4 ; CurrentState.State3 ; CurrentState.State2 ; CurrentState.State1 ;
+---------------------+---------------------+---------------------+---------------------+---------------------+---------------------+
; CurrentState.State1 ; 0                   ; 0                   ; 0                   ; 0                   ; 0                   ;
; CurrentState.State2 ; 0                   ; 0                   ; 0                   ; 1                   ; 1                   ;
; CurrentState.State3 ; 0                   ; 0                   ; 1                   ; 0                   ; 1                   ;
; CurrentState.State4 ; 0                   ; 1                   ; 0                   ; 0                   ; 1                   ;
; CurrentState.State5 ; 1                   ; 0                   ; 0                   ; 0                   ; 1                   ;
+---------------------+---------------------+---------------------+---------------------+---------------------+---------------------+


+---------------------------------------------------------------------------------------------------------------+
; Registers Removed During Synthesis                                                                            ;
+-------------------------------------------------+-------------------------------------------------------------+
; Register name                                   ; Reason for Removal                                          ;
+-------------------------------------------------+-------------------------------------------------------------+
; ShiftRegisterSerialReceiver:ShiftReg|FFD:FFD2|Q ; Merged with ShiftRegisterSerialReceiver:ShiftReg|FFD:FFD1|Q ;
; ShiftRegisterSerialReceiver:ShiftReg|FFD:FFD3|Q ; Merged with ShiftRegisterSerialReceiver:ShiftReg|FFD:FFD1|Q ;
; ShiftRegisterSerialReceiver:ShiftReg|FFD:FFD4|Q ; Merged with ShiftRegisterSerialReceiver:ShiftReg|FFD:FFD1|Q ;
; ShiftRegisterSerialReceiver:ShiftReg|FFD:FFD1|Q ; Stuck at VCC due to stuck port data_in                      ;
; Total Number of Removed Registers = 4           ;                                                             ;
+-------------------------------------------------+-------------------------------------------------------------+


+------------------------------------------------------+
; General Register Statistics                          ;
+----------------------------------------------+-------+
; Statistic                                    ; Value ;
+----------------------------------------------+-------+
; Total registers                              ; 10    ;
; Number of registers using Synchronous Clear  ; 0     ;
; Number of registers using Synchronous Load   ; 0     ;
; Number of registers using Asynchronous Clear ; 9     ;
; Number of registers using Asynchronous Load  ; 0     ;
; Number of registers using Clock Enable       ; 0     ;
; Number of registers using Preset             ; 0     ;
+----------------------------------------------+-------+


+-----------------------------------------------------------+
; Inverted Register Statistics                              ;
+-------------------------------------------------+---------+
; Inverted Register                               ; Fan out ;
+-------------------------------------------------+---------+
; ShiftRegisterSerialReceiver:ShiftReg|FFD:FFD0|Q ; 2       ;
; Total number of inverted registers = 1          ;         ;
+-------------------------------------------------+---------+


+----------------------------------------------------------------------------------------------------------------------------------------+
; Port Connectivity Checks: "parity_checker:ParityCheck|counter_3bits:CounterUp|register_3bits_counter:instance_registry_3bits|FFD:FFD3" ;
+------+-------+----------+--------------------------------------------------------------------------------------------------------------+
; Port ; Type  ; Severity ; Details                                                                                                      ;
+------+-------+----------+--------------------------------------------------------------------------------------------------------------+
; set  ; Input ; Info     ; Stuck at GND                                                                                                 ;
+------+-------+----------+--------------------------------------------------------------------------------------------------------------+


+----------------------------------------------------------------------------------------------------------------------------------------+
; Port Connectivity Checks: "parity_checker:ParityCheck|counter_3bits:CounterUp|register_3bits_counter:instance_registry_3bits|FFD:FFD2" ;
+------+-------+----------+--------------------------------------------------------------------------------------------------------------+
; Port ; Type  ; Severity ; Details                                                                                                      ;
+------+-------+----------+--------------------------------------------------------------------------------------------------------------+
; set  ; Input ; Info     ; Stuck at GND                                                                                                 ;
+------+-------+----------+--------------------------------------------------------------------------------------------------------------+


+----------------------------------------------------------------------------------------------------------------------------------------+
; Port Connectivity Checks: "parity_checker:ParityCheck|counter_3bits:CounterUp|register_3bits_counter:instance_registry_3bits|FFD:FFD1" ;
+------+-------+----------+--------------------------------------------------------------------------------------------------------------+
; Port ; Type  ; Severity ; Details                                                                                                      ;
+------+-------+----------+--------------------------------------------------------------------------------------------------------------+
; set  ; Input ; Info     ; Stuck at GND                                                                                                 ;
+------+-------+----------+--------------------------------------------------------------------------------------------------------------+


+-------------------------------------------------------------------------------------------------------------------------------+
; Port Connectivity Checks: "parity_checker:ParityCheck|counter_3bits:CounterUp|register_3bits_counter:instance_registry_3bits" ;
+------+-------+----------+-----------------------------------------------------------------------------------------------------+
; Port ; Type  ; Severity ; Details                                                                                             ;
+------+-------+----------+-----------------------------------------------------------------------------------------------------+
; set  ; Input ; Info     ; Stuck at GND                                                                                        ;
+------+-------+----------+-----------------------------------------------------------------------------------------------------+


+--------------------------------------------------------------------------------------------------------------------------------------------------+
; Port Connectivity Checks: "parity_checker:ParityCheck|counter_3bits:CounterUp|adder_3bits:instance_adder_3bits|full_adder:instance_full_adder_3" ;
+-----------+--------+----------+------------------------------------------------------------------------------------------------------------------+
; Port      ; Type   ; Severity ; Details                                                                                                          ;
+-----------+--------+----------+------------------------------------------------------------------------------------------------------------------+
; carry_out ; Output ; Info     ; Connected to dangling logic. Logic that only feeds a dangling port will be removed.                              ;
+-----------+--------+----------+------------------------------------------------------------------------------------------------------------------+


+---------------------------------------------------------------------------------------------------------------------+
; Port Connectivity Checks: "parity_checker:ParityCheck|counter_3bits:CounterUp|adder_3bits:instance_adder_3bits"     ;
+-----------+--------+----------+-------------------------------------------------------------------------------------+
; Port      ; Type   ; Severity ; Details                                                                             ;
+-----------+--------+----------+-------------------------------------------------------------------------------------+
; b[2..1]   ; Input  ; Info     ; Stuck at GND                                                                        ;
; b[0]      ; Input  ; Info     ; Stuck at VCC                                                                        ;
; carry_in  ; Input  ; Info     ; Stuck at GND                                                                        ;
; carry_out ; Output ; Info     ; Connected to dangling logic. Logic that only feeds a dangling port will be removed. ;
+-----------+--------+----------+-------------------------------------------------------------------------------------+


+-----------------------------------------------------------------------------------------------------------------------+
; Port Connectivity Checks: "parity_checker:ParityCheck|counter_3bits:CounterUp"                                        ;
+-------------+--------+----------+-------------------------------------------------------------------------------------+
; Port        ; Type   ; Severity ; Details                                                                             ;
+-------------+--------+----------+-------------------------------------------------------------------------------------+
; count[2..1] ; Output ; Info     ; Connected to dangling logic. Logic that only feeds a dangling port will be removed. ;
+-------------+--------+----------+-------------------------------------------------------------------------------------+


+---------------------------------------------------------------------------+
; Port Connectivity Checks: "ShiftRegisterSerialReceiver:ShiftReg|FFD:FFD4" ;
+-------+-------+----------+------------------------------------------------+
; Port  ; Type  ; Severity ; Details                                        ;
+-------+-------+----------+------------------------------------------------+
; reset ; Input ; Info     ; Stuck at GND                                   ;
; set   ; Input ; Info     ; Stuck at GND                                   ;
+-------+-------+----------+------------------------------------------------+


+---------------------------------------------------------------------------+
; Port Connectivity Checks: "ShiftRegisterSerialReceiver:ShiftReg|FFD:FFD3" ;
+-------+-------+----------+------------------------------------------------+
; Port  ; Type  ; Severity ; Details                                        ;
+-------+-------+----------+------------------------------------------------+
; reset ; Input ; Info     ; Stuck at GND                                   ;
; set   ; Input ; Info     ; Stuck at GND                                   ;
+-------+-------+----------+------------------------------------------------+


+---------------------------------------------------------------------------+
; Port Connectivity Checks: "ShiftRegisterSerialReceiver:ShiftReg|FFD:FFD2" ;
+-------+-------+----------+------------------------------------------------+
; Port  ; Type  ; Severity ; Details                                        ;
+-------+-------+----------+------------------------------------------------+
; reset ; Input ; Info     ; Stuck at GND                                   ;
; set   ; Input ; Info     ; Stuck at GND                                   ;
+-------+-------+----------+------------------------------------------------+


+---------------------------------------------------------------------------+
; Port Connectivity Checks: "ShiftRegisterSerialReceiver:ShiftReg|FFD:FFD1" ;
+-------+-------+----------+------------------------------------------------+
; Port  ; Type  ; Severity ; Details                                        ;
+-------+-------+----------+------------------------------------------------+
; reset ; Input ; Info     ; Stuck at GND                                   ;
; set   ; Input ; Info     ; Stuck at GND                                   ;
+-------+-------+----------+------------------------------------------------+


+---------------------------------------------------------------------------+
; Port Connectivity Checks: "ShiftRegisterSerialReceiver:ShiftReg|FFD:FFD0" ;
+-------+-------+----------+------------------------------------------------+
; Port  ; Type  ; Severity ; Details                                        ;
+-------+-------+----------+------------------------------------------------+
; reset ; Input ; Info     ; Stuck at GND                                   ;
; set   ; Input ; Info     ; Stuck at GND                                   ;
+-------+-------+----------+------------------------------------------------+


+-----------------------------------------------------+
; Post-Synthesis Netlist Statistics for Top Partition ;
+-----------------------+-----------------------------+
; Type                  ; Count                       ;
+-----------------------+-----------------------------+
; boundary_port         ; 12                          ;
; cycloneiii_ff         ; 10                          ;
;     CLR               ; 9                           ;
;     plain             ; 1                           ;
; cycloneiii_lcell_comb ; 18                          ;
;     normal            ; 18                          ;
;         0 data inputs ; 1                           ;
;         1 data inputs ; 1                           ;
;         2 data inputs ; 3                           ;
;         3 data inputs ; 4                           ;
;         4 data inputs ; 9                           ;
;                       ;                             ;
; Max LUT depth         ; 2.00                        ;
; Average LUT depth     ; 1.53                        ;
+-----------------------+-----------------------------+


+-------------------------------+
; Elapsed Time Per Partition    ;
+----------------+--------------+
; Partition Name ; Elapsed Time ;
+----------------+--------------+
; Top            ; 00:00:00     ;
+----------------+--------------+


+-------------------------------+
; Analysis & Synthesis Messages ;
+-------------------------------+
Info: *******************************************************************
Info: Running Quartus Prime Analysis & Synthesis
    Info: Version 20.1.1 Build 720 11/11/2020 SJ Lite Edition
    Info: Processing started: Sun May 04 23:25:04 2025
Info: Command: quartus_map --read_settings_files=on --write_settings_files=off roulette -c roulette
Warning (18236): Number of processors has not been specified which may cause overloading on shared machines.  Set the global assignment NUM_PARALLEL_PROCESSORS in your QSF to an appropriate value for best performance.
Info (20030): Parallel compilation is enabled and will use 16 of the 24 processors detected
Info (12021): Found 2 design units, including 1 entities, in source file .hardware/slcdc/serial_receiver/parity_checker.vhd
    Info (12022): Found design unit 1: parity_checker-structural File: C:/Isel/2Semestre/LIC/SEM2.LIC.PROJ.ROULETTE/.hardware/SLCDC/serial_receiver/parity_checker.vhd Line: 16
    Info (12023): Found entity 1: parity_checker File: C:/Isel/2Semestre/LIC/SEM2.LIC.PROJ.ROULETTE/.hardware/SLCDC/serial_receiver/parity_checker.vhd Line: 4
Info (12021): Found 2 design units, including 1 entities, in source file .hardware/slcdc/serial_receiver/counter/registry_3bits_counter.vhd
    Info (12022): Found design unit 1: register_3bits_counter-behavioral File: C:/Isel/2Semestre/LIC/SEM2.LIC.PROJ.ROULETTE/.hardware/SLCDC/serial_receiver/counter/registry_3bits_counter.vhd Line: 18
    Info (12023): Found entity 1: register_3bits_counter File: C:/Isel/2Semestre/LIC/SEM2.LIC.PROJ.ROULETTE/.hardware/SLCDC/serial_receiver/counter/registry_3bits_counter.vhd Line: 4
Info (12021): Found 2 design units, including 1 entities, in source file .hardware/slcdc/serial_receiver/counter/mux2x1.vhd
    Info (12022): Found design unit 1: mux_2x1-structural File: C:/Isel/2Semestre/LIC/SEM2.LIC.PROJ.ROULETTE/.hardware/SLCDC/serial_receiver/counter/MUX2x1.vhd Line: 21
    Info (12023): Found entity 1: mux_2x1 File: C:/Isel/2Semestre/LIC/SEM2.LIC.PROJ.ROULETTE/.hardware/SLCDC/serial_receiver/counter/MUX2x1.vhd Line: 6
Info (12021): Found 2 design units, including 1 entities, in source file .hardware/slcdc/serial_receiver/counter/half_adder.vhd
    Info (12022): Found design unit 1: half_adder-structural File: C:/Isel/2Semestre/LIC/SEM2.LIC.PROJ.ROULETTE/.hardware/SLCDC/serial_receiver/counter/half_adder.vhd Line: 19
    Info (12023): Found entity 1: half_adder File: C:/Isel/2Semestre/LIC/SEM2.LIC.PROJ.ROULETTE/.hardware/SLCDC/serial_receiver/counter/half_adder.vhd Line: 6
Info (12021): Found 2 design units, including 1 entities, in source file .hardware/slcdc/serial_receiver/counter/full_adder.vhd
    Info (12022): Found design unit 1: full_adder-behavioral File: C:/Isel/2Semestre/LIC/SEM2.LIC.PROJ.ROULETTE/.hardware/SLCDC/serial_receiver/counter/full_adder.vhd Line: 21
    Info (12023): Found entity 1: full_adder File: C:/Isel/2Semestre/LIC/SEM2.LIC.PROJ.ROULETTE/.hardware/SLCDC/serial_receiver/counter/full_adder.vhd Line: 6
Info (12021): Found 2 design units, including 1 entities, in source file .hardware/slcdc/serial_receiver/counter/ffd.vhd
    Info (12022): Found design unit 1: FFD-logicFunction File: C:/Isel/2Semestre/LIC/SEM2.LIC.PROJ.ROULETTE/.hardware/SLCDC/serial_receiver/counter/FFD.vhd Line: 17
    Info (12023): Found entity 1: FFD File: C:/Isel/2Semestre/LIC/SEM2.LIC.PROJ.ROULETTE/.hardware/SLCDC/serial_receiver/counter/FFD.vhd Line: 5
Info (12021): Found 2 design units, including 1 entities, in source file .hardware/slcdc/serial_receiver/counter/counter_3bits.vhd
    Info (12022): Found design unit 1: counter_3bits-behavioral File: C:/Isel/2Semestre/LIC/SEM2.LIC.PROJ.ROULETTE/.hardware/SLCDC/serial_receiver/counter/counter_3bits.vhd Line: 17
    Info (12023): Found entity 1: counter_3bits File: C:/Isel/2Semestre/LIC/SEM2.LIC.PROJ.ROULETTE/.hardware/SLCDC/serial_receiver/counter/counter_3bits.vhd Line: 4
Info (12021): Found 2 design units, including 1 entities, in source file .hardware/slcdc/serial_receiver/counter/adder_3bits.vhd
    Info (12022): Found design unit 1: adder_3bits-behavioral File: C:/Isel/2Semestre/LIC/SEM2.LIC.PROJ.ROULETTE/.hardware/SLCDC/serial_receiver/counter/adder_3bits.vhd Line: 19
    Info (12023): Found entity 1: adder_3bits File: C:/Isel/2Semestre/LIC/SEM2.LIC.PROJ.ROULETTE/.hardware/SLCDC/serial_receiver/counter/adder_3bits.vhd Line: 4
Info (12021): Found 2 design units, including 1 entities, in source file .hardware/slcdc/serial_receiver/shiftregisterserialreceiver.vhd
    Info (12022): Found design unit 1: ShiftRegisterSerialReceiver-structural File: C:/Isel/2Semestre/LIC/SEM2.LIC.PROJ.ROULETTE/.hardware/SLCDC/serial_receiver/ShiftRegisterSerialReceiver.vhd Line: 13
    Info (12023): Found entity 1: ShiftRegisterSerialReceiver File: C:/Isel/2Semestre/LIC/SEM2.LIC.PROJ.ROULETTE/.hardware/SLCDC/serial_receiver/ShiftRegisterSerialReceiver.vhd Line: 3
Info (12021): Found 2 design units, including 1 entities, in source file .hardware/slcdc/serial_receiver/serial_receiver.vhd
    Info (12022): Found design unit 1: serial_receiver-structural File: C:/Isel/2Semestre/LIC/SEM2.LIC.PROJ.ROULETTE/.hardware/SLCDC/serial_receiver/serial_receiver.vhd Line: 19
    Info (12023): Found entity 1: serial_receiver File: C:/Isel/2Semestre/LIC/SEM2.LIC.PROJ.ROULETTE/.hardware/SLCDC/serial_receiver/serial_receiver.vhd Line: 4
Info (12021): Found 2 design units, including 1 entities, in source file .hardware/slcdc/slcdc.vhd
    Info (12022): Found design unit 1: SLCDC-structural File: C:/Isel/2Semestre/LIC/SEM2.LIC.PROJ.ROULETTE/.hardware/SLCDC/SLCDC.vhd Line: 18
    Info (12023): Found entity 1: SLCDC File: C:/Isel/2Semestre/LIC/SEM2.LIC.PROJ.ROULETTE/.hardware/SLCDC/SLCDC.vhd Line: 4
Info (12021): Found 2 design units, including 1 entities, in source file .hardware/keyboard_reader/key_decode/key_scanner/penc/priority_encoder.vhd
    Info (12022): Found design unit 1: priority_encoder-structural File: C:/Isel/2Semestre/LIC/SEM2.LIC.PROJ.ROULETTE/.hardware/KEYBOARD_READER/KEY_DECODE/KEY_SCANNER/PENC/priority_encoder.vhd Line: 16
    Info (12023): Found entity 1: priority_encoder File: C:/Isel/2Semestre/LIC/SEM2.LIC.PROJ.ROULETTE/.hardware/KEYBOARD_READER/KEY_DECODE/KEY_SCANNER/PENC/priority_encoder.vhd Line: 7
Info (12021): Found 2 design units, including 1 entities, in source file .hardware/keyboard_reader/key_decode/key_scanner/penc/partial_priority_encoder.vhd
    Info (12022): Found design unit 1: partial_priority_encoder-structural File: C:/Isel/2Semestre/LIC/SEM2.LIC.PROJ.ROULETTE/.hardware/KEYBOARD_READER/KEY_DECODE/KEY_SCANNER/PENC/partial_priority_encoder.vhd Line: 16
    Info (12023): Found entity 1: partial_priority_encoder File: C:/Isel/2Semestre/LIC/SEM2.LIC.PROJ.ROULETTE/.hardware/KEYBOARD_READER/KEY_DECODE/KEY_SCANNER/PENC/partial_priority_encoder.vhd Line: 7
Info (12021): Found 2 design units, including 1 entities, in source file .hardware/keyboard_reader/key_decode/key_scanner/penc/mux_2x1_penc.vhd
    Info (12022): Found design unit 1: mux_2x1_penc-structural File: C:/Isel/2Semestre/LIC/SEM2.LIC.PROJ.ROULETTE/.hardware/KEYBOARD_READER/KEY_DECODE/KEY_SCANNER/PENC/mux_2x1_penc.vhd Line: 21
    Info (12023): Found entity 1: mux_2x1_penc File: C:/Isel/2Semestre/LIC/SEM2.LIC.PROJ.ROULETTE/.hardware/KEYBOARD_READER/KEY_DECODE/KEY_SCANNER/PENC/mux_2x1_penc.vhd Line: 6
Info (12021): Found 2 design units, including 1 entities, in source file .hardware/keyboard_reader/key_decode/key_scanner/dec/decoder_2x4.vhd
    Info (12022): Found design unit 1: decoder_2x4-structural File: C:/Isel/2Semestre/LIC/SEM2.LIC.PROJ.ROULETTE/.hardware/KEYBOARD_READER/KEY_DECODE/KEY_SCANNER/DEC/decoder_2x4.vhd Line: 15
    Info (12023): Found entity 1: decoder_2x4 File: C:/Isel/2Semestre/LIC/SEM2.LIC.PROJ.ROULETTE/.hardware/KEYBOARD_READER/KEY_DECODE/KEY_SCANNER/DEC/decoder_2x4.vhd Line: 5
Info (12021): Found 2 design units, including 1 entities, in source file .hardware/keyboard_reader/key_decode/key_scanner/counter/registry_2bits_counter.vhd
    Info (12022): Found design unit 1: register_2bits_counter-behavioral File: C:/Isel/2Semestre/LIC/SEM2.LIC.PROJ.ROULETTE/.hardware/KEYBOARD_READER/KEY_DECODE/KEY_SCANNER/COUNTER/registry_2bits_counter.vhd Line: 18
    Info (12023): Found entity 1: register_2bits_counter File: C:/Isel/2Semestre/LIC/SEM2.LIC.PROJ.ROULETTE/.hardware/KEYBOARD_READER/KEY_DECODE/KEY_SCANNER/COUNTER/registry_2bits_counter.vhd Line: 4
Info (12021): Found 2 design units, including 1 entities, in source file .hardware/keyboard_reader/key_decode/key_scanner/counter/registry_2bits.vhd
    Info (12022): Found design unit 1: register_2bits-behavioral File: C:/Isel/2Semestre/LIC/SEM2.LIC.PROJ.ROULETTE/.hardware/KEYBOARD_READER/KEY_DECODE/KEY_SCANNER/COUNTER/registry_2bits.vhd Line: 18
    Info (12023): Found entity 1: register_2bits File: C:/Isel/2Semestre/LIC/SEM2.LIC.PROJ.ROULETTE/.hardware/KEYBOARD_READER/KEY_DECODE/KEY_SCANNER/COUNTER/registry_2bits.vhd Line: 4
Info (15248): File "C:/Isel/2Semestre/LIC/SEM2.LIC.PROJ.ROULETTE/.hardware/KEYBOARD_READER/KEY_DECODE/KEY_SCANNER/COUNTER/MUX2x1.vhd" is a duplicate of already analyzed file "C:/Isel/2Semestre/LIC/SEM2.LIC.PROJ.ROULETTE/.hardware/SLCDC/serial_receiver/counter/MUX2x1.vhd" (same filename, same library name and same md5 digest). Skipping analysis of this file.
Info (12021): Found 0 design units, including 0 entities, in source file .hardware/keyboard_reader/key_decode/key_scanner/counter/mux2x1.vhd
Info (15248): File "C:/Isel/2Semestre/LIC/SEM2.LIC.PROJ.ROULETTE/.hardware/KEYBOARD_READER/KEY_DECODE/KEY_SCANNER/COUNTER/half_adder.vhd" is a duplicate of already analyzed file "C:/Isel/2Semestre/LIC/SEM2.LIC.PROJ.ROULETTE/.hardware/SLCDC/serial_receiver/counter/half_adder.vhd" (same filename, same library name and same md5 digest). Skipping analysis of this file.
Info (12021): Found 0 design units, including 0 entities, in source file .hardware/keyboard_reader/key_decode/key_scanner/counter/half_adder.vhd
Info (15248): File "C:/Isel/2Semestre/LIC/SEM2.LIC.PROJ.ROULETTE/.hardware/KEYBOARD_READER/KEY_DECODE/KEY_SCANNER/COUNTER/full_adder.vhd" is a duplicate of already analyzed file "C:/Isel/2Semestre/LIC/SEM2.LIC.PROJ.ROULETTE/.hardware/SLCDC/serial_receiver/counter/full_adder.vhd" (same filename, same library name and same md5 digest). Skipping analysis of this file.
Info (12021): Found 0 design units, including 0 entities, in source file .hardware/keyboard_reader/key_decode/key_scanner/counter/full_adder.vhd
Info (15248): File "C:/Isel/2Semestre/LIC/SEM2.LIC.PROJ.ROULETTE/.hardware/KEYBOARD_READER/KEY_DECODE/KEY_SCANNER/COUNTER/FFD.vhd" is a duplicate of already analyzed file "C:/Isel/2Semestre/LIC/SEM2.LIC.PROJ.ROULETTE/.hardware/SLCDC/serial_receiver/counter/FFD.vhd" (same filename, same library name and same md5 digest). Skipping analysis of this file.
Info (12021): Found 0 design units, including 0 entities, in source file .hardware/keyboard_reader/key_decode/key_scanner/counter/ffd.vhd
Info (12021): Found 2 design units, including 1 entities, in source file .hardware/keyboard_reader/key_decode/key_scanner/counter/counter.vhd
    Info (12022): Found design unit 1: counter-behavioral File: C:/Isel/2Semestre/LIC/SEM2.LIC.PROJ.ROULETTE/.hardware/KEYBOARD_READER/KEY_DECODE/KEY_SCANNER/COUNTER/counter.vhd Line: 19
    Info (12023): Found entity 1: counter File: C:/Isel/2Semestre/LIC/SEM2.LIC.PROJ.ROULETTE/.hardware/KEYBOARD_READER/KEY_DECODE/KEY_SCANNER/COUNTER/counter.vhd Line: 4
Info (12021): Found 2 design units, including 1 entities, in source file .hardware/keyboard_reader/key_decode/key_scanner/counter/adder_2bits.vhd
    Info (12022): Found design unit 1: adder_2bits-behavioral File: C:/Isel/2Semestre/LIC/SEM2.LIC.PROJ.ROULETTE/.hardware/KEYBOARD_READER/KEY_DECODE/KEY_SCANNER/COUNTER/adder_2bits.vhd Line: 19
    Info (12023): Found entity 1: adder_2bits File: C:/Isel/2Semestre/LIC/SEM2.LIC.PROJ.ROULETTE/.hardware/KEYBOARD_READER/KEY_DECODE/KEY_SCANNER/COUNTER/adder_2bits.vhd Line: 4
Info (12021): Found 2 design units, including 1 entities, in source file .hardware/keyboard_reader/key_decode/key_scanner/key_scanner.vhd
    Info (12022): Found design unit 1: key_scanner-structural File: C:/Isel/2Semestre/LIC/SEM2.LIC.PROJ.ROULETTE/.hardware/KEYBOARD_READER/KEY_DECODE/KEY_SCANNER/key_scanner.vhd Line: 21
    Info (12023): Found entity 1: key_scanner File: C:/Isel/2Semestre/LIC/SEM2.LIC.PROJ.ROULETTE/.hardware/KEYBOARD_READER/KEY_DECODE/KEY_SCANNER/key_scanner.vhd Line: 5
Info (12021): Found 2 design units, including 1 entities, in source file .hardware/keyboard_reader/key_decode/keycontrol.vhd
    Info (12022): Found design unit 1: KeyControl-behavioral File: C:/Isel/2Semestre/LIC/SEM2.LIC.PROJ.ROULETTE/.hardware/KEYBOARD_READER/KEY_DECODE/KeyControl.vhd Line: 19
    Info (12023): Found entity 1: KeyControl File: C:/Isel/2Semestre/LIC/SEM2.LIC.PROJ.ROULETTE/.hardware/KEYBOARD_READER/KEY_DECODE/KeyControl.vhd Line: 5
Info (12021): Found 2 design units, including 1 entities, in source file .hardware/keyboard_reader/key_decode/key_decode.vhd
    Info (12022): Found design unit 1: Key_decode-structural File: C:/Isel/2Semestre/LIC/SEM2.LIC.PROJ.ROULETTE/.hardware/KEYBOARD_READER/KEY_DECODE/Key_decode.vhd Line: 17
    Info (12023): Found entity 1: Key_decode File: C:/Isel/2Semestre/LIC/SEM2.LIC.PROJ.ROULETTE/.hardware/KEYBOARD_READER/KEY_DECODE/Key_decode.vhd Line: 4
Info (12021): Found 2 design units, including 1 entities, in source file .hardware/keyboard_reader/key_reader.vhd
    Info (12022): Found design unit 1: Key_reader-structural File: C:/Isel/2Semestre/LIC/SEM2.LIC.PROJ.ROULETTE/.hardware/KEYBOARD_READER/Key_reader.vhd Line: 17
    Info (12023): Found entity 1: Key_reader File: C:/Isel/2Semestre/LIC/SEM2.LIC.PROJ.ROULETTE/.hardware/KEYBOARD_READER/Key_reader.vhd Line: 4
Info (12021): Found 2 design units, including 1 entities, in source file .hardware/.testbench/priority_encoder_tb.vhd
    Info (12022): Found design unit 1: priority_encoder_tb-behavioral File: C:/Isel/2Semestre/LIC/SEM2.LIC.PROJ.ROULETTE/.hardware/.testbench/priority_encoder_tb.vhd Line: 7
    Info (12023): Found entity 1: priority_encoder_tb File: C:/Isel/2Semestre/LIC/SEM2.LIC.PROJ.ROULETTE/.hardware/.testbench/priority_encoder_tb.vhd Line: 4
Info (12021): Found 2 design units, including 1 entities, in source file .hardware/.testbench/keyscannertb.vhd
    Info (12022): Found design unit 1: Key_Scanner_tb-behavioral File: C:/Isel/2Semestre/LIC/SEM2.LIC.PROJ.ROULETTE/.hardware/.testbench/KeyScannerTb.vhd Line: 7
    Info (12023): Found entity 1: Key_Scanner_tb File: C:/Isel/2Semestre/LIC/SEM2.LIC.PROJ.ROULETTE/.hardware/.testbench/KeyScannerTb.vhd Line: 4
Info (12021): Found 2 design units, including 1 entities, in source file .hardware/.testbench/keycontrol_tb.vhd
    Info (12022): Found design unit 1: KeyControl_tb-behavioral File: C:/Isel/2Semestre/LIC/SEM2.LIC.PROJ.ROULETTE/.hardware/.testbench/KeyControl_tb.vhd Line: 7
    Info (12023): Found entity 1: KeyControl_tb File: C:/Isel/2Semestre/LIC/SEM2.LIC.PROJ.ROULETTE/.hardware/.testbench/KeyControl_tb.vhd Line: 4
Info (12021): Found 2 design units, including 1 entities, in source file .hardware/.testbench/key_reader_tb.vhd
    Info (12022): Found design unit 1: Key_reader_tb-behavioral File: C:/Isel/2Semestre/LIC/SEM2.LIC.PROJ.ROULETTE/.hardware/.testbench/Key_reader_tb.vhd Line: 7
    Info (12023): Found entity 1: Key_reader_tb File: C:/Isel/2Semestre/LIC/SEM2.LIC.PROJ.ROULETTE/.hardware/.testbench/Key_reader_tb.vhd Line: 4
Info (12021): Found 2 design units, including 1 entities, in source file .hardware/.testbench/key_decode_tb.vhd
    Info (12022): Found design unit 1: Key_decode_tb-behavioral File: C:/Isel/2Semestre/LIC/SEM2.LIC.PROJ.ROULETTE/.hardware/.testbench/Key_decode_tb.vhd Line: 7
    Info (12023): Found entity 1: Key_decode_tb File: C:/Isel/2Semestre/LIC/SEM2.LIC.PROJ.ROULETTE/.hardware/.testbench/Key_decode_tb.vhd Line: 4
Info (12021): Found 2 design units, including 1 entities, in source file .hardware/.testbench/decoder_tb.vhd
    Info (12022): Found design unit 1: decoder_tb-behavioral File: C:/Isel/2Semestre/LIC/SEM2.LIC.PROJ.ROULETTE/.hardware/.testbench/decoder_tb.vhd Line: 7
    Info (12023): Found entity 1: decoder_tb File: C:/Isel/2Semestre/LIC/SEM2.LIC.PROJ.ROULETTE/.hardware/.testbench/decoder_tb.vhd Line: 4
Info (12021): Found 2 design units, including 1 entities, in source file .hardware/.testbench/countertb.vhd
    Info (12022): Found design unit 1: counter_tb-behavioral File: C:/Isel/2Semestre/LIC/SEM2.LIC.PROJ.ROULETTE/.hardware/.testbench/CounterTb.vhd Line: 8
    Info (12023): Found entity 1: counter_tb File: C:/Isel/2Semestre/LIC/SEM2.LIC.PROJ.ROULETTE/.hardware/.testbench/CounterTb.vhd Line: 5
Info (12021): Found 2 design units, including 1 entities, in source file .hardware/usbport.vhd
    Info (12022): Found design unit 1: UsbPort-bdf_type File: C:/Isel/2Semestre/LIC/SEM2.LIC.PROJ.ROULETTE/.hardware/UsbPort.vhd Line: 33
    Info (12023): Found entity 1: UsbPort File: C:/Isel/2Semestre/LIC/SEM2.LIC.PROJ.ROULETTE/.hardware/UsbPort.vhd Line: 25
Info (12021): Found 2 design units, including 1 entities, in source file roulette.vhd
    Info (12022): Found design unit 1: roulette-structural File: C:/Isel/2Semestre/LIC/SEM2.LIC.PROJ.ROULETTE/roulette.vhd Line: 23
    Info (12023): Found entity 1: roulette File: C:/Isel/2Semestre/LIC/SEM2.LIC.PROJ.ROULETTE/roulette.vhd Line: 6
Info (12021): Found 2 design units, including 1 entities, in source file .hardware/.testbench/serial_controller_tb.vhd
    Info (12022): Found design unit 1: Serial_Controller_tb-behavioral File: C:/Isel/2Semestre/LIC/SEM2.LIC.PROJ.ROULETTE/.hardware/.testbench/Serial_Controller_tb.vhd Line: 7
    Info (12023): Found entity 1: Serial_Controller_tb File: C:/Isel/2Semestre/LIC/SEM2.LIC.PROJ.ROULETTE/.hardware/.testbench/Serial_Controller_tb.vhd Line: 4
Info (12021): Found 2 design units, including 1 entities, in source file .hardware/.testbench/serial_receiver_tb.vhd
    Info (12022): Found design unit 1: Serial_Receiver_tb-behavioral File: C:/Isel/2Semestre/LIC/SEM2.LIC.PROJ.ROULETTE/.hardware/.testbench/Serial_Receiver_tb.vhd Line: 7
    Info (12023): Found entity 1: Serial_Receiver_tb File: C:/Isel/2Semestre/LIC/SEM2.LIC.PROJ.ROULETTE/.hardware/.testbench/Serial_Receiver_tb.vhd Line: 4
Info (12021): Found 2 design units, including 1 entities, in source file .hardware/slcdc/serial_receiver/receiver_controler.vhd
    Info (12022): Found design unit 1: receiver_controler-behavioral File: C:/Isel/2Semestre/LIC/SEM2.LIC.PROJ.ROULETTE/.hardware/SLCDC/serial_receiver/receiver_controler.vhd Line: 21
    Info (12023): Found entity 1: receiver_controler File: C:/Isel/2Semestre/LIC/SEM2.LIC.PROJ.ROULETTE/.hardware/SLCDC/serial_receiver/receiver_controler.vhd Line: 4
Info (12021): Found 2 design units, including 1 entities, in source file .hardware/slcdc/serial_receiver/serial_test.vhd
    Info (12022): Found design unit 1: serial_test-logic File: C:/Isel/2Semestre/LIC/SEM2.LIC.PROJ.ROULETTE/.hardware/SLCDC/serial_receiver/serial_test.vhd Line: 17
    Info (12023): Found entity 1: serial_test File: C:/Isel/2Semestre/LIC/SEM2.LIC.PROJ.ROULETTE/.hardware/SLCDC/serial_receiver/serial_test.vhd Line: 4
Info (12021): Found 2 design units, including 1 entities, in source file .hardware/slcdc/lcd_dispatcher/lcddispatchercontrol.vhd
    Info (12022): Found design unit 1: LCDDispatcherControl-behavior File: C:/Isel/2Semestre/LIC/SEM2.LIC.PROJ.ROULETTE/.hardware/SLCDC/LCD_dispatcher/LCDDispatcherControl.vhd Line: 15
    Info (12023): Found entity 1: LCDDispatcherControl File: C:/Isel/2Semestre/LIC/SEM2.LIC.PROJ.ROULETTE/.hardware/SLCDC/LCD_dispatcher/LCDDispatcherControl.vhd Line: 5
Info (12021): Found 2 design units, including 1 entities, in source file .hardware/slcdc/lcd_dispatcher/lcd_dispatcher.vhd
    Info (12022): Found design unit 1: LCD_Dispatcher-structural File: C:/Isel/2Semestre/LIC/SEM2.LIC.PROJ.ROULETTE/.hardware/SLCDC/LCD_dispatcher/LCD_Dispatcher.vhd Line: 17
    Info (12023): Found entity 1: LCD_Dispatcher File: C:/Isel/2Semestre/LIC/SEM2.LIC.PROJ.ROULETTE/.hardware/SLCDC/LCD_dispatcher/LCD_Dispatcher.vhd Line: 4
Info (12021): Found 2 design units, including 1 entities, in source file .hardware/src/roulette_dispatcher/roulettedispatchercontrol.vhd
    Info (12022): Found design unit 1: rouletteDispatcherControl-behavior File: C:/Isel/2Semestre/LIC/SEM2.LIC.PROJ.ROULETTE/.hardware/SRC/roulette_dispatcher/rouletteDispatcherControl.vhd Line: 15
    Info (12023): Found entity 1: rouletteDispatcherControl File: C:/Isel/2Semestre/LIC/SEM2.LIC.PROJ.ROULETTE/.hardware/SRC/roulette_dispatcher/rouletteDispatcherControl.vhd Line: 5
Info (12021): Found 2 design units, including 1 entities, in source file .hardware/src/roulette_dispatcher/roulette_dispatcher.vhd
    Info (12022): Found design unit 1: roulette_dispatcher-structural File: C:/Isel/2Semestre/LIC/SEM2.LIC.PROJ.ROULETTE/.hardware/SRC/roulette_dispatcher/roulette_dispatcher.vhd Line: 17
    Info (12023): Found entity 1: roulette_dispatcher File: C:/Isel/2Semestre/LIC/SEM2.LIC.PROJ.ROULETTE/.hardware/SRC/roulette_dispatcher/roulette_dispatcher.vhd Line: 4
Info (12021): Found 2 design units, including 1 entities, in source file .hardware/src/roulette_serial/counter/registry_4bits_counter.vhd
    Info (12022): Found design unit 1: register_4bits_counter-behavioral File: C:/Isel/2Semestre/LIC/SEM2.LIC.PROJ.ROULETTE/.hardware/SRC/roulette_serial/counter/registry_4bits_counter.vhd Line: 18
    Info (12023): Found entity 1: register_4bits_counter File: C:/Isel/2Semestre/LIC/SEM2.LIC.PROJ.ROULETTE/.hardware/SRC/roulette_serial/counter/registry_4bits_counter.vhd Line: 4
Info (12021): Found 2 design units, including 1 entities, in source file .hardware/src/roulette_serial/counter/counter_4bits.vhd
    Info (12022): Found design unit 1: counter_4bits-behavioral File: C:/Isel/2Semestre/LIC/SEM2.LIC.PROJ.ROULETTE/.hardware/SRC/roulette_serial/counter/counter_4bits.vhd Line: 17
    Info (12023): Found entity 1: counter_4bits File: C:/Isel/2Semestre/LIC/SEM2.LIC.PROJ.ROULETTE/.hardware/SRC/roulette_serial/counter/counter_4bits.vhd Line: 4
Info (12021): Found 2 design units, including 1 entities, in source file .hardware/src/roulette_serial/counter/adder_4bits.vhd
    Info (12022): Found design unit 1: adder_4bits-behavioral File: C:/Isel/2Semestre/LIC/SEM2.LIC.PROJ.ROULETTE/.hardware/SRC/roulette_serial/counter/adder_4bits.vhd Line: 16
    Info (12023): Found entity 1: adder_4bits File: C:/Isel/2Semestre/LIC/SEM2.LIC.PROJ.ROULETTE/.hardware/SRC/roulette_serial/counter/adder_4bits.vhd Line: 4
Info (12021): Found 2 design units, including 1 entities, in source file .hardware/src/roulette_serial/roulette_shiftregister.vhd
    Info (12022): Found design unit 1: roulette_shiftRegister-structural File: C:/Isel/2Semestre/LIC/SEM2.LIC.PROJ.ROULETTE/.hardware/SRC/roulette_serial/roulette_shiftRegister.vhd Line: 14
    Info (12023): Found entity 1: roulette_shiftRegister File: C:/Isel/2Semestre/LIC/SEM2.LIC.PROJ.ROULETTE/.hardware/SRC/roulette_serial/roulette_shiftRegister.vhd Line: 4
Info (12021): Found 2 design units, including 1 entities, in source file .hardware/src/roulette_serial/serial_receiver_roulette.vhd
    Info (12022): Found design unit 1: serial_receiver_roulette-structural File: C:/Isel/2Semestre/LIC/SEM2.LIC.PROJ.ROULETTE/.hardware/SRC/roulette_serial/serial_receiver_roulette.vhd Line: 18
    Info (12023): Found entity 1: serial_receiver_roulette File: C:/Isel/2Semestre/LIC/SEM2.LIC.PROJ.ROULETTE/.hardware/SRC/roulette_serial/serial_receiver_roulette.vhd Line: 4
Info (12021): Found 2 design units, including 1 entities, in source file .hardware/src/roulette_serial/parity_checker.vhd
    Info (12022): Found design unit 1: parity_checker_roulette-structural File: C:/Isel/2Semestre/LIC/SEM2.LIC.PROJ.ROULETTE/.hardware/SRC/roulette_serial/parity_checker.vhd Line: 16
    Info (12023): Found entity 1: parity_checker_roulette File: C:/Isel/2Semestre/LIC/SEM2.LIC.PROJ.ROULETTE/.hardware/SRC/roulette_serial/parity_checker.vhd Line: 4
Info (12021): Found 2 design units, including 1 entities, in source file .hardware/src/roulette_serial/receiver_controler.vhd
    Info (12022): Found design unit 1: receiver_controler_roulette-behavioral File: C:/Isel/2Semestre/LIC/SEM2.LIC.PROJ.ROULETTE/.hardware/SRC/roulette_serial/receiver_controler.vhd Line: 22
    Info (12023): Found entity 1: receiver_controler_roulette File: C:/Isel/2Semestre/LIC/SEM2.LIC.PROJ.ROULETTE/.hardware/SRC/roulette_serial/receiver_controler.vhd Line: 4
Info (12021): Found 2 design units, including 1 entities, in source file .hardware/src/src.vhd
    Info (12022): Found design unit 1: SRC-structural File: C:/Isel/2Semestre/LIC/SEM2.LIC.PROJ.ROULETTE/.hardware/SRC/SRC.vhd Line: 18
    Info (12023): Found entity 1: SRC File: C:/Isel/2Semestre/LIC/SEM2.LIC.PROJ.ROULETTE/.hardware/SRC/SRC.vhd Line: 4
Info (12127): Elaborating entity "serial_receiver" for the top level hierarchy
Info (12128): Elaborating entity "ShiftRegisterSerialReceiver" for hierarchy "ShiftRegisterSerialReceiver:ShiftReg" File: C:/Isel/2Semestre/LIC/SEM2.LIC.PROJ.ROULETTE/.hardware/SLCDC/serial_receiver/serial_receiver.vhd Line: 79
Info (12128): Elaborating entity "FFD" for hierarchy "ShiftRegisterSerialReceiver:ShiftReg|FFD:FFD0" File: C:/Isel/2Semestre/LIC/SEM2.LIC.PROJ.ROULETTE/.hardware/SLCDC/serial_receiver/ShiftRegisterSerialReceiver.vhd Line: 33
Info (12128): Elaborating entity "parity_checker" for hierarchy "parity_checker:ParityCheck" File: C:/Isel/2Semestre/LIC/SEM2.LIC.PROJ.ROULETTE/.hardware/SLCDC/serial_receiver/serial_receiver.vhd Line: 89
Info (12128): Elaborating entity "counter_3bits" for hierarchy "parity_checker:ParityCheck|counter_3bits:CounterUp" File: C:/Isel/2Semestre/LIC/SEM2.LIC.PROJ.ROULETTE/.hardware/SLCDC/serial_receiver/parity_checker.vhd Line: 32
Info (12128): Elaborating entity "adder_3bits" for hierarchy "parity_checker:ParityCheck|counter_3bits:CounterUp|adder_3bits:instance_adder_3bits" File: C:/Isel/2Semestre/LIC/SEM2.LIC.PROJ.ROULETTE/.hardware/SLCDC/serial_receiver/counter/counter_3bits.vhd Line: 57
Warning (10036): Verilog HDL or VHDL warning at adder_3bits.vhd(44): object "carry_full_adder_3" assigned a value but never read File: C:/Isel/2Semestre/LIC/SEM2.LIC.PROJ.ROULETTE/.hardware/SLCDC/serial_receiver/counter/adder_3bits.vhd Line: 44
Info (12128): Elaborating entity "full_adder" for hierarchy "parity_checker:ParityCheck|counter_3bits:CounterUp|adder_3bits:instance_adder_3bits|full_adder:instance_full_adder_1" File: C:/Isel/2Semestre/LIC/SEM2.LIC.PROJ.ROULETTE/.hardware/SLCDC/serial_receiver/counter/adder_3bits.vhd Line: 49
Info (12128): Elaborating entity "half_adder" for hierarchy "parity_checker:ParityCheck|counter_3bits:CounterUp|adder_3bits:instance_adder_3bits|full_adder:instance_full_adder_1|half_adder:instance_half_adder_1" File: C:/Isel/2Semestre/LIC/SEM2.LIC.PROJ.ROULETTE/.hardware/SLCDC/serial_receiver/counter/full_adder.vhd Line: 48
Info (12128): Elaborating entity "register_3bits_counter" for hierarchy "parity_checker:ParityCheck|counter_3bits:CounterUp|register_3bits_counter:instance_registry_3bits" File: C:/Isel/2Semestre/LIC/SEM2.LIC.PROJ.ROULETTE/.hardware/SLCDC/serial_receiver/counter/counter_3bits.vhd Line: 69
Info (12128): Elaborating entity "receiver_controler" for hierarchy "receiver_controler:Controller" File: C:/Isel/2Semestre/LIC/SEM2.LIC.PROJ.ROULETTE/.hardware/SLCDC/serial_receiver/serial_receiver.vhd Line: 116
Warning (13024): Output pins are stuck at VCC or GND
    Warning (13410): Pin "Data[0]" is stuck at VCC File: C:/Isel/2Semestre/LIC/SEM2.LIC.PROJ.ROULETTE/.hardware/SLCDC/serial_receiver/serial_receiver.vhd Line: 15
    Warning (13410): Pin "Data[1]" is stuck at VCC File: C:/Isel/2Semestre/LIC/SEM2.LIC.PROJ.ROULETTE/.hardware/SLCDC/serial_receiver/serial_receiver.vhd Line: 15
    Warning (13410): Pin "Data[2]" is stuck at VCC File: C:/Isel/2Semestre/LIC/SEM2.LIC.PROJ.ROULETTE/.hardware/SLCDC/serial_receiver/serial_receiver.vhd Line: 15
    Warning (13410): Pin "Data[3]" is stuck at VCC File: C:/Isel/2Semestre/LIC/SEM2.LIC.PROJ.ROULETTE/.hardware/SLCDC/serial_receiver/serial_receiver.vhd Line: 15
Info (286030): Timing-Driven Synthesis is running
Info (16010): Generating hard_block partition "hard_block:auto_generated_inst"
    Info (16011): Adding 0 node(s), including 0 DDIO, 0 PLL, 0 transceiver and 0 LCELL
Info (21057): Implemented 28 device resources after synthesis - the final resource count might be different
    Info (21058): Implemented 6 input pins
    Info (21059): Implemented 6 output pins
    Info (21061): Implemented 16 logic cells
Info: Quartus Prime Analysis & Synthesis was successful. 0 errors, 7 warnings
    Info: Peak virtual memory: 4860 megabytes
    Info: Processing ended: Sun May 04 23:25:09 2025
    Info: Elapsed time: 00:00:05
    Info: Total CPU time (on all processors): 00:00:12


